Running main() from C:\Users\Patrick\Desktop\microreader\microreader2\test\build2\_deps\googletest-src\googletest\src\gtest_main.cc
[==========] Running 382 tests from 32 test suites.
[----------] Global test environment set-up.
[----------] 2 tests from StdioZipFile
[ RUN      ] StdioZipFile.OpenNonExistent
[       OK ] StdioZipFile.OpenNonExistent (0 ms)
[ RUN      ] StdioZipFile.OpenValid
[       OK ] StdioZipFile.OpenValid (0 ms)
[----------] 2 tests from StdioZipFile (0 ms total)

[----------] 16 tests from ZipReaderTest
[ RUN      ] ZipReaderTest.BasicEpubEntries
[       OK ] ZipReaderTest.BasicEpubEntries (0 ms)
[ RUN      ] ZipReaderTest.FindByName
[       OK ] ZipReaderTest.FindByName (0 ms)
[ RUN      ] ZipReaderTest.StoredEpubAllStored
[       OK ] ZipReaderTest.StoredEpubAllStored (0 ms)
[ RUN      ] ZipReaderTest.MultiChapterEntries
[       OK ] ZipReaderTest.MultiChapterEntries (0 ms)
[ RUN      ] ZipReaderTest.NestedDirEntries
[       OK ] ZipReaderTest.NestedDirEntries (0 ms)
[ RUN      ] ZipReaderTest.WithImagesEntries
[       OK ] ZipReaderTest.WithImagesEntries (0 ms)
[ RUN      ] ZipReaderTest.ExtractMimetype
[       OK ] ZipReaderTest.ExtractMimetype (0 ms)
[ RUN      ] ZipReaderTest.ExtractStoredFile
[       OK ] ZipReaderTest.ExtractStoredFile (0 ms)
[ RUN      ] ZipReaderTest.ExtractDeflatedFile
[       OK ] ZipReaderTest.ExtractDeflatedFile (0 ms)
[ RUN      ] ZipReaderTest.ExtractXhtmlChapter
[       OK ] ZipReaderTest.ExtractXhtmlChapter (0 ms)
[ RUN      ] ZipReaderTest.ExtractUnicodeContent
[       OK ] ZipReaderTest.ExtractUnicodeContent (0 ms)
[ RUN      ] ZipReaderTest.ExtractLargeChapter
[       OK ] ZipReaderTest.ExtractLargeChapter (0 ms)
[ RUN      ] ZipReaderTest.ExtractJpegImage
[       OK ] ZipReaderTest.ExtractJpegImage (0 ms)
[ RUN      ] ZipReaderTest.ExtractPngImage
[       OK ] ZipReaderTest.ExtractPngImage (0 ms)
[ RUN      ] ZipReaderTest.StreamingExtract
[       OK ] ZipReaderTest.StreamingExtract (0 ms)
[ RUN      ] ZipReaderTest.StreamingAbort
[       OK ] ZipReaderTest.StreamingAbort (0 ms)
[----------] 16 tests from ZipReaderTest (1 ms total)

[----------] 21 tests from XmlTest
[ RUN      ] XmlTest.EmptyInput
[       OK ] XmlTest.EmptyInput (0 ms)
[ RUN      ] XmlTest.ProcessingInstruction
[       OK ] XmlTest.ProcessingInstruction (0 ms)
[ RUN      ] XmlTest.SimpleElement
[       OK ] XmlTest.SimpleElement (0 ms)
[ RUN      ] XmlTest.SelfClosingElement
[       OK ] XmlTest.SelfClosingElement (0 ms)
[ RUN      ] XmlTest.SelfClosingWithSpace
[       OK ] XmlTest.SelfClosingWithSpace (0 ms)
[ RUN      ] XmlTest.SelfClosingWithAttrs
[       OK ] XmlTest.SelfClosingWithAttrs (0 ms)
[ RUN      ] XmlTest.TextContent
[       OK ] XmlTest.TextContent (0 ms)
[ RUN      ] XmlTest.WhitespaceOnlyTextEmitted
[       OK ] XmlTest.WhitespaceOnlyTextEmitted (0 ms)
[ RUN      ] XmlTest.ElementWithAttributes
[       OK ] XmlTest.ElementWithAttributes (0 ms)
[ RUN      ] XmlTest.SingleQuotedAttributes
[       OK ] XmlTest.SingleQuotedAttributes (0 ms)
[ RUN      ] XmlTest.NamespacedElements
[       OK ] XmlTest.NamespacedElements (0 ms)
[ RUN      ] XmlTest.NamespacedAttributes
[       OK ] XmlTest.NamespacedAttributes (0 ms)
[ RUN      ] XmlTest.Comment
[       OK ] XmlTest.Comment (0 ms)
[ RUN      ] XmlTest.CData
[       OK ] XmlTest.CData (0 ms)
[ RUN      ] XmlTest.Dtd
[       OK ] XmlTest.Dtd (0 ms)
[ RUN      ] XmlTest.NestedElements
[       OK ] XmlTest.NestedElements (0 ms)
[ RUN      ] XmlTest.EpubContainerXml
[       OK ] XmlTest.EpubContainerXml (0 ms)
[ RUN      ] XmlTest.EpubMetadata
[       OK ] XmlTest.EpubMetadata (0 ms)
[ RUN      ] XmlTest.InlineElements
[       OK ] XmlTest.InlineElements (0 ms)
[ RUN      ] XmlTest.SmallBuffer
[       OK ] XmlTest.SmallBuffer (0 ms)
[ RUN      ] XmlTest.MediumBufferWithLongText
[       OK ] XmlTest.MediumBufferWithLongText (0 ms)
[----------] 21 tests from XmlTest (0 ms total)

[----------] 4 tests from XmlReaderEpub
[ RUN      ] XmlReaderEpub.ParseContainerXml
[       OK ] XmlReaderEpub.ParseContainerXml (0 ms)
[ RUN      ] XmlReaderEpub.ParseContentOpf
[       OK ] XmlReaderEpub.ParseContentOpf (0 ms)
[ RUN      ] XmlReaderEpub.ParseXhtmlChapter
[       OK ] XmlReaderEpub.ParseXhtmlChapter (0 ms)
[ RUN      ] XmlReaderEpub.ParseMultiChapterOpf
[       OK ] XmlReaderEpub.ParseMultiChapterOpf (0 ms)
[----------] 4 tests from XmlReaderEpub (0 ms total)

[----------] 2 tests from XmlAttributeReaderTest
[ RUN      ] XmlAttributeReaderTest.IterateAll
[       OK ] XmlAttributeReaderTest.IterateAll (0 ms)
[ RUN      ] XmlAttributeReaderTest.EmptyAttrs
[       OK ] XmlAttributeReaderTest.EmptyAttrs (0 ms)
[----------] 2 tests from XmlAttributeReaderTest (0 ms total)

[----------] 23 tests from CssRule
[ RUN      ] CssRule.Empty
[       OK ] CssRule.Empty (0 ms)
[ RUN      ] CssRule.TextAlign
[       OK ] CssRule.TextAlign (0 ms)
[ RUN      ] CssRule.FontWeight
[       OK ] CssRule.FontWeight (0 ms)
[ RUN      ] CssRule.FontStyle
[       OK ] CssRule.FontStyle (0 ms)
[ RUN      ] CssRule.TextIndent
[       OK ] CssRule.TextIndent (0 ms)
[ RUN      ] CssRule.MultipleDeclarations
[       OK ] CssRule.MultipleDeclarations (0 ms)
[ RUN      ] CssRule.AlignmentLeft
[       OK ] CssRule.AlignmentLeft (0 ms)
[ RUN      ] CssRule.AlignmentRight
[       OK ] CssRule.AlignmentRight (0 ms)
[ RUN      ] CssRule.AlignmentStart
[       OK ] CssRule.AlignmentStart (0 ms)
[ RUN      ] CssRule.NormalWeight
[       OK ] CssRule.NormalWeight (0 ms)
[ RUN      ] CssRule.NormalStyle
[       OK ] CssRule.NormalStyle (0 ms)
[ RUN      ] CssRule.Plus
[       OK ] CssRule.Plus (0 ms)
[ RUN      ] CssRule.PlusOverrides
[       OK ] CssRule.PlusOverrides (0 ms)
[ RUN      ] CssRule.TextIndentEm
[       OK ] CssRule.TextIndentEm (0 ms)
[ RUN      ] CssRule.TextIndentPercent
[       OK ] CssRule.TextIndentPercent (0 ms)
[ RUN      ] CssRule.MarginLeftEm
[       OK ] CssRule.MarginLeftEm (0 ms)
[ RUN      ] CssRule.MarginLeftPercentClamped
[       OK ] CssRule.MarginLeftPercentClamped (0 ms)
[ RUN      ] CssRule.MarginLeftPercentUnderMax
[       OK ] CssRule.MarginLeftPercentUnderMax (0 ms)
[ RUN      ] CssRule.MarginRightEm
[       OK ] CssRule.MarginRightEm (0 ms)
[ RUN      ] CssRule.MarginRightPercentClamped
[       OK ] CssRule.MarginRightPercentClamped (0 ms)
[ RUN      ] CssRule.BothMarginsClampedProportionally
[       OK ] CssRule.BothMarginsClampedProportionally (0 ms)
[ RUN      ] CssRule.BothMarginsUnderBudgetNotClamped
[       OK ] CssRule.BothMarginsUnderBudgetNotClamped (0 ms)
[ RUN      ] CssRule.SingleMarginNotClamped
[       OK ] CssRule.SingleMarginNotClamped (0 ms)
[----------] 23 tests from CssRule (0 ms total)

[----------] 12 tests from CssStylesheet
[ RUN      ] CssStylesheet.BasicElementRule
[       OK ] CssStylesheet.BasicElementRule (0 ms)
[ RUN      ] CssStylesheet.NoMatch
[       OK ] CssStylesheet.NoMatch (0 ms)
[ RUN      ] CssStylesheet.ClassSelector
[       OK ] CssStylesheet.ClassSelector (0 ms)
[ RUN      ] CssStylesheet.IdSelector
[       OK ] CssStylesheet.IdSelector (0 ms)
[ RUN      ] CssStylesheet.CompoundSelector
[       OK ] CssStylesheet.CompoundSelector (0 ms)
[ RUN      ] CssStylesheet.MultipleRules
[       OK ] CssStylesheet.MultipleRules (0 ms)
[ RUN      ] CssStylesheet.Comments
[       OK ] CssStylesheet.Comments (0 ms)
[ RUN      ] CssStylesheet.AtRuleSkipped
[       OK ] CssStylesheet.AtRuleSkipped (0 ms)
[ RUN      ] CssStylesheet.MediaQuerySkipped
[       OK ] CssStylesheet.MediaQuerySkipped (0 ms)
[ RUN      ] CssStylesheet.GroupedSelectors
[       OK ] CssStylesheet.GroupedSelectors (0 ms)
[ RUN      ] CssStylesheet.Specificity
[       OK ] CssStylesheet.Specificity (0 ms)
[ RUN      ] CssStylesheet.MultipleClasses
[       OK ] CssStylesheet.MultipleClasses (0 ms)
[----------] 12 tests from CssStylesheet (0 ms total)

[----------] 76 tests from CssParserTest
[ RUN      ] CssParserTest.ParseFontSizeSmall
[       OK ] CssParserTest.ParseFontSizeSmall (0 ms)
[ RUN      ] CssParserTest.ParseFontSizeLarge
[       OK ] CssParserTest.ParseFontSizeLarge (0 ms)
[ RUN      ] CssParserTest.ParseFontSizeXLarge
[       OK ] CssParserTest.ParseFontSizeXLarge (0 ms)
[ RUN      ] CssParserTest.ParseFontSizeSmaller
[       OK ] CssParserTest.ParseFontSizeSmaller (0 ms)
[ RUN      ] CssParserTest.ParseFontSizeMedium
[       OK ] CssParserTest.ParseFontSizeMedium (0 ms)
[ RUN      ] CssParserTest.ParseFontSizeUnknownIgnored
[       OK ] CssParserTest.ParseFontSizeUnknownIgnored (0 ms)
[ RUN      ] CssParserTest.FontSizeMerge
[       OK ] CssParserTest.FontSizeMerge (0 ms)
[ RUN      ] CssParserTest.FontSizeMergePreservesLhs
[       OK ] CssParserTest.FontSizeMergePreservesLhs (0 ms)
[ RUN      ] CssParserTest.FontSizeInStylesheet
[       OK ] CssParserTest.FontSizeInStylesheet (0 ms)
[ RUN      ] CssParserTest.FontSizePercent90IsNormal
[       OK ] CssParserTest.FontSizePercent90IsNormal (0 ms)
[ RUN      ] CssParserTest.FontSizePercent60IsSmall
[       OK ] CssParserTest.FontSizePercent60IsSmall (0 ms)
[ RUN      ] CssParserTest.FontSizePercent100IsNormal
[       OK ] CssParserTest.FontSizePercent100IsNormal (0 ms)
[ RUN      ] CssParserTest.FontSizePercent110IsNormal
[       OK ] CssParserTest.FontSizePercent110IsNormal (0 ms)
[ RUN      ] CssParserTest.FontSizePercent120IsLarge
[       OK ] CssParserTest.FontSizePercent120IsLarge (0 ms)
[ RUN      ] CssParserTest.FontSizePercent150IsLarge
[       OK ] CssParserTest.FontSizePercent150IsLarge (0 ms)
[ RUN      ] CssParserTest.FontSizePercent300IsLarge
[       OK ] CssParserTest.FontSizePercent300IsLarge (0 ms)
[ RUN      ] CssParserTest.FontSizeEm09IsNormal
[       OK ] CssParserTest.FontSizeEm09IsNormal (0 ms)
[ RUN      ] CssParserTest.FontSizeEm075IsSmall
[       OK ] CssParserTest.FontSizeEm075IsSmall (0 ms)
[ RUN      ] CssParserTest.FontSizeEm1IsNormal
[       OK ] CssParserTest.FontSizeEm1IsNormal (0 ms)
[ RUN      ] CssParserTest.FontSizeEm125IsLarge
[       OK ] CssParserTest.FontSizeEm125IsLarge (0 ms)
[ RUN      ] CssParserTest.FontSizeEm175IsLarge
[       OK ] CssParserTest.FontSizeEm175IsLarge (0 ms)
[ RUN      ] CssParserTest.FontSizePercent85IsNormal
[       OK ] CssParserTest.FontSizePercent85IsNormal (0 ms)
[ RUN      ] CssParserTest.FontSizePercent84IsSmall
[       OK ] CssParserTest.FontSizePercent84IsSmall (0 ms)
[ RUN      ] CssParserTest.FontSizePercent115IsNormal
[       OK ] CssParserTest.FontSizePercent115IsNormal (0 ms)
[ RUN      ] CssParserTest.FontSizePercent116IsLarge
[       OK ] CssParserTest.FontSizePercent116IsLarge (0 ms)
[ RUN      ] CssParserTest.FontSizePxIgnored
[       OK ] CssParserTest.FontSizePxIgnored (0 ms)
[ RUN      ] CssParserTest.FontSizePt10IsSmall
[       OK ] CssParserTest.FontSizePt10IsSmall (0 ms)
[ RUN      ] CssParserTest.FontSizePt12IsNormal
[       OK ] CssParserTest.FontSizePt12IsNormal (0 ms)
[ RUN      ] CssParserTest.FontSizePt16IsLarge
[       OK ] CssParserTest.FontSizePt16IsLarge (0 ms)
[ RUN      ] CssParserTest.FontSizeRem09IsNormal
[       OK ] CssParserTest.FontSizeRem09IsNormal (0 ms)
[ RUN      ] CssParserTest.FontSizeRem075IsSmall
[       OK ] CssParserTest.FontSizeRem075IsSmall (0 ms)
[ RUN      ] CssParserTest.FontSizeRem15IsLarge
[       OK ] CssParserTest.FontSizeRem15IsLarge (0 ms)
[ RUN      ] CssParserTest.MarginShorthand1Value
[       OK ] CssParserTest.MarginShorthand1Value (0 ms)
[ RUN      ] CssParserTest.MarginShorthand2Values
[       OK ] CssParserTest.MarginShorthand2Values (0 ms)
[ RUN      ] CssParserTest.MarginShorthand4Values
[       OK ] CssParserTest.MarginShorthand4Values (0 ms)
[ RUN      ] CssParserTest.MarginShorthandEm
[       OK ] CssParserTest.MarginShorthandEm (0 ms)
[ RUN      ] CssParserTest.MarginShorthandPercent
[       OK ] CssParserTest.MarginShorthandPercent (0 ms)
[ RUN      ] CssParserTest.MarginShorthandZero
[       OK ] CssParserTest.MarginShorthandZero (0 ms)
[ RUN      ] CssParserTest.MarginShorthandDoesNotOverrideExplicit
[       OK ] CssParserTest.MarginShorthandDoesNotOverrideExplicit (0 ms)
[ RUN      ] CssParserTest.MarginLeftPt
[       OK ] CssParserTest.MarginLeftPt (0 ms)
[ RUN      ] CssParserTest.TextIndentPt
[       OK ] CssParserTest.TextIndentPt (0 ms)
[ RUN      ] CssParserTest.MarginLeftRem
[       OK ] CssParserTest.MarginLeftRem (0 ms)
[ RUN      ] CssParserTest.MarginShorthandPt
[       OK ] CssParserTest.MarginShorthandPt (0 ms)
[ RUN      ] CssParserTest.MarginTopPx
[       OK ] CssParserTest.MarginTopPx (0 ms)
[ RUN      ] CssParserTest.MarginBottomEm
[       OK ] CssParserTest.MarginBottomEm (0 ms)
[ RUN      ] CssParserTest.MarginTopZero
[       OK ] CssParserTest.MarginTopZero (0 ms)
[ RUN      ] CssParserTest.MarginShorthandExtractsTopBottom
[       OK ] CssParserTest.MarginShorthandExtractsTopBottom (0 ms)
[ RUN      ] CssParserTest.MarginShorthand4ValuesTopBottom
[       OK ] CssParserTest.MarginShorthand4ValuesTopBottom (0 ms)
[ RUN      ] CssParserTest.MarginTopBottomMerge
[       OK ] CssParserTest.MarginTopBottomMerge (0 ms)
[ RUN      ] CssParserTest.PaddingLeftAddsToMargin
[       OK ] CssParserTest.PaddingLeftAddsToMargin (0 ms)
[ RUN      ] CssParserTest.PaddingLeftAdditive
[       OK ] CssParserTest.PaddingLeftAdditive (0 ms)
[ RUN      ] CssParserTest.PaddingShorthand
[       OK ] CssParserTest.PaddingShorthand (0 ms)
[ RUN      ] CssParserTest.PaddingTopSetsMarginTop
[       OK ] CssParserTest.PaddingTopSetsMarginTop (0 ms)
[ RUN      ] CssParserTest.PageBreakAfterAlways
[       OK ] CssParserTest.PageBreakAfterAlways (0 ms)
[ RUN      ] CssParserTest.PageBreakAfterAvoid
[       OK ] CssParserTest.PageBreakAfterAvoid (0 ms)
[ RUN      ] CssParserTest.TextTransformUppercase
[       OK ] CssParserTest.TextTransformUppercase (0 ms)
[ RUN      ] CssParserTest.TextTransformLowercase
[       OK ] CssParserTest.TextTransformLowercase (0 ms)
[ RUN      ] CssParserTest.TextTransformCapitalize
[       OK ] CssParserTest.TextTransformCapitalize (0 ms)
[ RUN      ] CssParserTest.TextTransformNone
[       OK ] CssParserTest.TextTransformNone (0 ms)
[ RUN      ] CssParserTest.FontVariantSmallCapsAsUppercase
[       OK ] CssParserTest.FontVariantSmallCapsAsUppercase (0 ms)
[ RUN      ] CssParserTest.FontVariantSmallCapsDoesNotOverrideExplicitTransform
[       OK ] CssParserTest.FontVariantSmallCapsDoesNotOverrideExplicitTransform (0 ms)
[ RUN      ] CssParserTest.VerticalAlignSuperSmall
[       OK ] CssParserTest.VerticalAlignSuperSmall (0 ms)
[ RUN      ] CssParserTest.VerticalAlignSubSmall
[       OK ] CssParserTest.VerticalAlignSubSmall (0 ms)
[ RUN      ] CssParserTest.VerticalAlignDoesNotOverrideFontSize
[       OK ] CssParserTest.VerticalAlignDoesNotOverrideFontSize (0 ms)
[ RUN      ] CssParserTest.LineHeightNormal
[       OK ] CssParserTest.LineHeightNormal (0 ms)
[ RUN      ] CssParserTest.LineHeightInherit
[       OK ] CssParserTest.LineHeightInherit (0 ms)
[ RUN      ] CssParserTest.LineHeightPercent120IsDefault
[       OK ] CssParserTest.LineHeightPercent120IsDefault (0 ms)
[ RUN      ] CssParserTest.LineHeightPercent150
[       OK ] CssParserTest.LineHeightPercent150 (0 ms)
[ RUN      ] CssParserTest.LineHeightPercent100
[       OK ] CssParserTest.LineHeightPercent100 (0 ms)
[ RUN      ] CssParserTest.LineHeightUnitless1_2IsDefault
[       OK ] CssParserTest.LineHeightUnitless1_2IsDefault (0 ms)
[ RUN      ] CssParserTest.LineHeightUnitless1_5
[       OK ] CssParserTest.LineHeightUnitless1_5 (0 ms)
[ RUN      ] CssParserTest.LineHeightEm1_5
[       OK ] CssParserTest.LineHeightEm1_5 (0 ms)
[ RUN      ] CssParserTest.LineHeightClampLow
[       OK ] CssParserTest.LineHeightClampLow (0 ms)
[ RUN      ] CssParserTest.LineHeightClampHigh
[       OK ] CssParserTest.LineHeightClampHigh (0 ms)
[ RUN      ] CssParserTest.LineHeightMerge
[       OK ] CssParserTest.LineHeightMerge (0 ms)
[ RUN      ] CssParserTest.LineHeightNoValue
[       OK ] CssParserTest.LineHeightNoValue (0 ms)
[----------] 76 tests from CssParserTest (1 ms total)

[----------] 5 tests from EpubPathResolve
[ RUN      ] EpubPathResolve.Simple
[       OK ] EpubPathResolve.Simple (0 ms)
[ RUN      ] EpubPathResolve.DotSlash
[       OK ] EpubPathResolve.DotSlash (0 ms)
[ RUN      ] EpubPathResolve.DotDotSlash
[       OK ] EpubPathResolve.DotDotSlash (0 ms)
[ RUN      ] EpubPathResolve.EmptyBase
[       OK ] EpubPathResolve.EmptyBase (0 ms)
[ RUN      ] EpubPathResolve.MultipleDotDot
[       OK ] EpubPathResolve.MultipleDotDot (0 ms)
[----------] 5 tests from EpubPathResolve (0 ms total)

[----------] 12 tests from EpubTest
[ RUN      ] EpubTest.BasicMetadata
[       OK ] EpubTest.BasicMetadata (0 ms)
[ RUN      ] EpubTest.BasicSpine
[       OK ] EpubTest.BasicSpine (0 ms)
[ RUN      ] EpubTest.MultiChapterMetadata
[       OK ] EpubTest.MultiChapterMetadata (0 ms)
[ RUN      ] EpubTest.MultiChapterToc
[       OK ] EpubTest.MultiChapterToc (0 ms)
[ RUN      ] EpubTest.WithCssStylesheet
[       OK ] EpubTest.WithCssStylesheet (0 ms)
[ RUN      ] EpubTest.WithImagesMetadata
[       OK ] EpubTest.WithImagesMetadata (0 ms)
[ RUN      ] EpubTest.BasicChapter
[       OK ] EpubTest.BasicChapter (0 ms)
[ RUN      ] EpubTest.MultiChapterParsesAll
[       OK ] EpubTest.MultiChapterParsesAll (0 ms)
[ RUN      ] EpubTest.LargeChapterParagraphs
[       OK ] EpubTest.LargeChapterParagraphs (2 ms)
[ RUN      ] EpubTest.WithImagesChapter
[       OK ] EpubTest.WithImagesChapter (0 ms)
[ RUN      ] EpubTest.SpecialCharsUnicode
[       OK ] EpubTest.SpecialCharsUnicode (0 ms)
[ RUN      ] EpubTest.InvalidChapterIndex
[       OK ] EpubTest.InvalidChapterIndex (0 ms)
[----------] 12 tests from EpubTest (5 ms total)

[----------] 39 tests from XhtmlBody
[ RUN      ] XhtmlBody.PlainText
[       OK ] XhtmlBody.PlainText (0 ms)
[ RUN      ] XhtmlBody.InlineStyles
[       OK ] XhtmlBody.InlineStyles (0 ms)
[ RUN      ] XhtmlBody.Whitespace
[       OK ] XhtmlBody.Whitespace (0 ms)
[ RUN      ] XhtmlBody.MultipleParagraphs
[       OK ] XhtmlBody.MultipleParagraphs (0 ms)
[ RUN      ] XhtmlBody.Headings
[       OK ] XhtmlBody.Headings (0 ms)
[ RUN      ] XhtmlBody.HrElement
[       OK ] XhtmlBody.HrElement (0 ms)
[ RUN      ] XhtmlBody.HrPreservesParentStyles
[       OK ] XhtmlBody.HrPreservesParentStyles (0 ms)
[ RUN      ] XhtmlBody.HtmlEntities
[       OK ] XhtmlBody.HtmlEntities (0 ms)
[ RUN      ] XhtmlBody.NumericEntities
[       OK ] XhtmlBody.NumericEntities (0 ms)
[ RUN      ] XhtmlBody.CssAlignmentApplied
[       OK ] XhtmlBody.CssAlignmentApplied (0 ms)
[ RUN      ] XhtmlBody.InlineStyle
[       OK ] XhtmlBody.InlineStyle (0 ms)
[ RUN      ] XhtmlBody.BreakElement
[       OK ] XhtmlBody.BreakElement (0 ms)
[ RUN      ] XhtmlBody.FloatMergeInitialCap
[       OK ] XhtmlBody.FloatMergeInitialCap (0 ms)
[ RUN      ] XhtmlBody.FloatMergeWithIntermediateBlocks
[       OK ] XhtmlBody.FloatMergeWithIntermediateBlocks (0 ms)
[ RUN      ] XhtmlBody.ImageWithWidthHeight
[       OK ] XhtmlBody.ImageWithWidthHeight (0 ms)
[ RUN      ] XhtmlBody.SvgImageElement
[       OK ] XhtmlBody.SvgImageElement (0 ms)
[ RUN      ] XhtmlBody.BlockquoteDefaultIndent
[       OK ] XhtmlBody.BlockquoteDefaultIndent (0 ms)
[ RUN      ] XhtmlBody.BlockquoteCssOverridesDefault
[       OK ] XhtmlBody.BlockquoteCssOverridesDefault (0 ms)
[ RUN      ] XhtmlBody.TextTransformUppercase
[       OK ] XhtmlBody.TextTransformUppercase (0 ms)
[ RUN      ] XhtmlBody.TextTransformCapitalize
[       OK ] XhtmlBody.TextTransformCapitalize (0 ms)
[ RUN      ] XhtmlBody.PageBreakAfter
[       OK ] XhtmlBody.PageBreakAfter (0 ms)
[ RUN      ] XhtmlBody.MarginShorthand
[       OK ] XhtmlBody.MarginShorthand (0 ms)
[ RUN      ] XhtmlBody.MarginTopSpacingBefore
[       OK ] XhtmlBody.MarginTopSpacingBefore (0 ms)
[ RUN      ] XhtmlBody.MarginBottomSpacingBefore
[       OK ] XhtmlBody.MarginBottomSpacingBefore (0 ms)
[ RUN      ] XhtmlBody.MarginCollapsingMaxWins
[       OK ] XhtmlBody.MarginCollapsingMaxWins (0 ms)
[ RUN      ] XhtmlBody.MarginTopZeroExplicit
[       OK ] XhtmlBody.MarginTopZeroExplicit (0 ms)
[ RUN      ] XhtmlBody.PrePreservesWhitespace
[       OK ] XhtmlBody.PrePreservesWhitespace (0 ms)
[ RUN      ] XhtmlBody.PreMultipleSpacesNotCollapsed
[       OK ] XhtmlBody.PreMultipleSpacesNotCollapsed (0 ms)
[ RUN      ] XhtmlBody.TableRowsNoEmptyParagraphs
[       OK ] XhtmlBody.TableRowsNoEmptyParagraphs (0 ms)
[ RUN      ] XhtmlBody.CssBoldOverrideRestoresBold
[       OK ] XhtmlBody.CssBoldOverrideRestoresBold (0 ms)
[ RUN      ] XhtmlBody.CssItalicOverrideRestoresItalic
[       OK ] XhtmlBody.CssItalicOverrideRestoresItalic (0 ms)
[ RUN      ] XhtmlBody.HeadingWithCssFontWeightDoesNotLeakBold
[       OK ] XhtmlBody.HeadingWithCssFontWeightDoesNotLeakBold (0 ms)
[ RUN      ] XhtmlBody.HeadingWithCssBoldDoesNotLeakBold
[       OK ] XhtmlBody.HeadingWithCssBoldDoesNotLeakBold (0 ms)
[ RUN      ] XhtmlBody.StandaloneBrEmitsEmptyParagraph
[       OK ] XhtmlBody.StandaloneBrEmitsEmptyParagraph (0 ms)
[ RUN      ] XhtmlBody.NestedListIndentation
[       OK ] XhtmlBody.NestedListIndentation (0 ms)
[ RUN      ] XhtmlBody.OrderedListStartAttribute
[       OK ] XhtmlBody.OrderedListStartAttribute (0 ms)
[ RUN      ] XhtmlBody.FigcaptionDefaultStyling
[       OK ] XhtmlBody.FigcaptionDefaultStyling (0 ms)
[ RUN      ] XhtmlBody.FigureDefaultCenter
[       OK ] XhtmlBody.FigureDefaultCenter (0 ms)
[ RUN      ] XhtmlBody.LineHeightPropagated
[       OK ] XhtmlBody.LineHeightPropagated (0 ms)
[----------] 39 tests from XhtmlBody (2 ms total)

[----------] 5 tests from ImageFormat
[ RUN      ] ImageFormat.GuessFromFilename
[       OK ] ImageFormat.GuessFromFilename (0 ms)
[ RUN      ] ImageFormat.GuessFromMagic_Jpeg
[       OK ] ImageFormat.GuessFromMagic_Jpeg (0 ms)
[ RUN      ] ImageFormat.GuessFromMagic_Png
[       OK ] ImageFormat.GuessFromMagic_Png (0 ms)
[ RUN      ] ImageFormat.GuessFromMagic_Unknown
[       OK ] ImageFormat.GuessFromMagic_Unknown (0 ms)
[ RUN      ] ImageFormat.GuessFromMagic_TooShort
[       OK ] ImageFormat.GuessFromMagic_TooShort (0 ms)
[----------] 5 tests from ImageFormat (0 ms total)

[----------] 7 tests from ReadImageSize
[ RUN      ] ReadImageSize.Jpeg1x1FromFixture
[       OK ] ReadImageSize.Jpeg1x1FromFixture (0 ms)
[ RUN      ] ReadImageSize.Png1x1FromFixture
[       OK ] ReadImageSize.Png1x1FromFixture (0 ms)
[ RUN      ] ReadImageSize.InvalidMagic
[       OK ] ReadImageSize.InvalidMagic (0 ms)
[ RUN      ] ReadImageSize.JpegTruncated
[       OK ] ReadImageSize.JpegTruncated (0 ms)
[ RUN      ] ReadImageSize.PngTruncated
[       OK ] ReadImageSize.PngTruncated (0 ms)
[ RUN      ] ReadImageSize.JpegSof0_320x240
[       OK ] ReadImageSize.JpegSof0_320x240 (0 ms)
[ RUN      ] ReadImageSize.PngIhdr_800x600
[       OK ] ReadImageSize.PngIhdr_800x600 (0 ms)
[----------] 7 tests from ReadImageSize (0 ms total)

[----------] 7 tests from ScaledSize
[ RUN      ] ScaledSize.NoScalingNeeded
[       OK ] ScaledSize.NoScalingNeeded (0 ms)
[ RUN      ] ScaledSize.ExactFit
[       OK ] ScaledSize.ExactFit (0 ms)
[ RUN      ] ScaledSize.ScaleDown_WidthBound
[       OK ] ScaledSize.ScaleDown_WidthBound (0 ms)
[ RUN      ] ScaledSize.ScaleDown_HeightBound
[       OK ] ScaledSize.ScaleDown_HeightBound (0 ms)
[ RUN      ] ScaledSize.ScaleDown_BothLarger
[       OK ] ScaledSize.ScaleDown_BothLarger (0 ms)
[ RUN      ] ScaledSize.AspectRatioPreserved_3to2
[       OK ] ScaledSize.AspectRatioPreserved_3to2 (0 ms)
[ RUN      ] ScaledSize.AspectRatioPreserved_Square
[       OK ] ScaledSize.AspectRatioPreserved_Square (0 ms)
[----------] 7 tests from ScaledSize (0 ms total)

[----------] 7 tests from Dither
[ RUN      ] Dither.AllWhite
[       OK ] Dither.AllWhite (0 ms)
[ RUN      ] Dither.AllBlack
[       OK ] Dither.AllBlack (0 ms)
[ RUN      ] Dither.AllMidgray_EvenDistribution
[       OK ] Dither.AllMidgray_EvenDistribution (0 ms)
[ RUN      ] Dither.GradientHasIncreasingWhitePixels
[       OK ] Dither.GradientHasIncreasingWhitePixels (0 ms)
[ RUN      ] Dither.SinglePixelBlack
[       OK ] Dither.SinglePixelBlack (0 ms)
[ RUN      ] Dither.SinglePixelWhite
[       OK ] Dither.SinglePixelWhite (0 ms)
[ RUN      ] Dither.OutputStride
[       OK ] Dither.OutputStride (0 ms)
[----------] 7 tests from Dither (0 ms total)

[----------] 2 tests from DecodedImage
[ RUN      ] DecodedImage.StrideCalculation
[       OK ] DecodedImage.StrideCalculation (0 ms)
[ RUN      ] DecodedImage.PixelAccess
[       OK ] DecodedImage.PixelAccess (0 ms)
[----------] 2 tests from DecodedImage (0 ms total)

[----------] 6 tests from DecodeImage
[ RUN      ] DecodeImage.Jpeg1x1FromEpub
[       OK ] DecodeImage.Jpeg1x1FromEpub (0 ms)
[ RUN      ] DecodeImage.Png1x1FromEpub
[       OK ] DecodeImage.Png1x1FromEpub (0 ms)
[ RUN      ] DecodeImage.InvalidData
[       OK ] DecodeImage.InvalidData (0 ms)
[ RUN      ] DecodeImage.DitherIntegration_Checkerboard
[       OK ] DecodeImage.DitherIntegration_Checkerboard (0 ms)
[ RUN      ] DecodeImage.ProgressiveJpeg_BobiverseGerman_NoDuplication
  Decoded: 479x730, stride=60, data=43800 bytes
  Left/right half match ratio: 1.0% (2/200 rows)
[       OK ] DecodeImage.ProgressiveJpeg_BobiverseGerman_NoDuplication (12 ms)
[ RUN      ] DecodeImage.DeflatedJpeg_LocalEntry_NoFilename
  Decoded deflated JPEG: 480x732  white=22.4%
[       OK ] DecodeImage.DeflatedJpeg_LocalEntry_NoFilename (18 ms)
[----------] 6 tests from DecodeImage (31 ms total)

[----------] 10 tests from ImageFixtureTest
[ RUN      ] ImageFixtureTest.JpegMagicDetection
[       OK ] ImageFixtureTest.JpegMagicDetection (0 ms)
[ RUN      ] ImageFixtureTest.PngMagicDetection
[       OK ] ImageFixtureTest.PngMagicDetection (0 ms)
[ RUN      ] ImageFixtureTest.RoundTrip_ExtractAndDecode
[       OK ] ImageFixtureTest.RoundTrip_ExtractAndDecode (0 ms)
[ RUN      ] ImageFixtureTest.ScaleToFill_False_Jpeg_NaturalSize
[       OK ] ImageFixtureTest.ScaleToFill_False_Jpeg_NaturalSize (0 ms)
[ RUN      ] ImageFixtureTest.ScaleToFill_True_Jpeg_FillsTarget
[       OK ] ImageFixtureTest.ScaleToFill_True_Jpeg_FillsTarget (0 ms)
[ RUN      ] ImageFixtureTest.ScaleToFill_True_Png_FillsTarget
[       OK ] ImageFixtureTest.ScaleToFill_True_Png_FillsTarget (0 ms)
[ RUN      ] ImageFixtureTest.DecodeFromLocalEntry_Jpeg_WithSink
[       OK ] ImageFixtureTest.DecodeFromLocalEntry_Jpeg_WithSink (0 ms)
[ RUN      ] ImageFixtureTest.DecodeFromLocalEntry_Png_WithSink
[       OK ] ImageFixtureTest.DecodeFromLocalEntry_Png_WithSink (0 ms)
[ RUN      ] ImageFixtureTest.SinkOutput_MatchesBufferOutput_Jpeg
[       OK ] ImageFixtureTest.SinkOutput_MatchesBufferOutput_Jpeg (0 ms)
[ RUN      ] ImageFixtureTest.SinkOutput_MatchesBufferOutput_Png
[       OK ] ImageFixtureTest.SinkOutput_MatchesBufferOutput_Png (0 ms)
[----------] 10 tests from ImageFixtureTest (1 ms total)

[----------] 29 tests from TextLayout
[ RUN      ] TextLayout.SingleWordFitsOneLine
[       OK ] TextLayout.SingleWordFitsOneLine (0 ms)
[ RUN      ] TextLayout.MultipleWordsSingleLine
[       OK ] TextLayout.MultipleWordsSingleLine (0 ms)
[ RUN      ] TextLayout.WordWrapToTwoLines
[       OK ] TextLayout.WordWrapToTwoLines (0 ms)
[ RUN      ] TextLayout.MultipleWordsMultipleLines
[       OK ] TextLayout.MultipleWordsMultipleLines (0 ms)
[ RUN      ] TextLayout.EmptyParagraph
[       OK ] TextLayout.EmptyParagraph (0 ms)
[ RUN      ] TextLayout.WhitespaceOnlyRun
[       OK ] TextLayout.WhitespaceOnlyRun (0 ms)
[ RUN      ] TextLayout.MultipleRuns
[       OK ] TextLayout.MultipleRuns (0 ms)
[ RUN      ] TextLayout.BreakingRun
[       OK ] TextLayout.BreakingRun (0 ms)
[ RUN      ] TextLayout.MultipleBreakingRuns
[       OK ] TextLayout.MultipleBreakingRuns (0 ms)
[ RUN      ] TextLayout.AlignCenter
[       OK ] TextLayout.AlignCenter (0 ms)
[ RUN      ] TextLayout.AlignEnd
[       OK ] TextLayout.AlignEnd (0 ms)
[ RUN      ] TextLayout.JustifyTwoWords
[       OK ] TextLayout.JustifyTwoWords (0 ms)
[ RUN      ] TextLayout.JustifyMultipleLines
[       OK ] TextLayout.JustifyMultipleLines (0 ms)
[ RUN      ] TextLayout.ParagraphIndent
[       OK ] TextLayout.ParagraphIndent (0 ms)
[ RUN      ] TextLayout.DefaultAlignmentFromOptions
[       OK ] TextLayout.DefaultAlignmentFromOptions (0 ms)
[ RUN      ] TextLayout.MarginLeftWithIndent
[       OK ] TextLayout.MarginLeftWithIndent (0 ms)
[ RUN      ] TextLayout.MarginRightReducesLineWidth
[       OK ] TextLayout.MarginRightReducesLineWidth (0 ms)
[ RUN      ] TextLayout.UnicodeText
[       OK ] TextLayout.UnicodeText (0 ms)
[ RUN      ] TextLayout.GermanTextRenderingPipeline
[       OK ] TextLayout.GermanTextRenderingPipeline (0 ms)
[ RUN      ] TextLayout.AllWordsPreservedAfterWrap
[       OK ] TextLayout.AllWordsPreservedAfterWrap (0 ms)
[ RUN      ] TextLayout.LargeWordsSameWidth
[       OK ] TextLayout.LargeWordsSameWidth (0 ms)
[ RUN      ] TextLayout.SmallWordsSameWidth
[       OK ] TextLayout.SmallWordsSameWidth (0 ms)
[ RUN      ] TextLayout.LargeTextSameWrapping
[       OK ] TextLayout.LargeTextSameWrapping (0 ms)
[ RUN      ] TextLayout.LayoutWordCarriesFontSize
[       OK ] TextLayout.LayoutWordCarriesFontSize (0 ms)
[ RUN      ] TextLayout.MixedSizesLineHeight
[       OK ] TextLayout.MixedSizesLineHeight (0 ms)
[ RUN      ] TextLayout.FixedFontSizeScaling
[       OK ] TextLayout.FixedFontSizeScaling (0 ms)
[ RUN      ] TextLayout.CrossRunWordContinuation
[       OK ] TextLayout.CrossRunWordContinuation (0 ms)
[ RUN      ] TextLayout.CrossRunWithTrailingSpace
[       OK ] TextLayout.CrossRunWithTrailingSpace (0 ms)
[ RUN      ] TextLayout.CrossRunDifferentStyles
[       OK ] TextLayout.CrossRunDifferentStyles (0 ms)
[----------] 29 tests from TextLayout (1 ms total)

[----------] 39 tests from PageLayout
[ RUN      ] PageLayout.SingleParagraphFitsOnePage
[       OK ] PageLayout.SingleParagraphFitsOnePage (0 ms)
[ RUN      ] PageLayout.MultipleParagraphsFitOnePage
[       OK ] PageLayout.MultipleParagraphsFitOnePage (0 ms)
[ RUN      ] PageLayout.PageBreakBetweenParagraphs
[       OK ] PageLayout.PageBreakBetweenParagraphs (0 ms)
[ RUN      ] PageLayout.ContinueFromMiddle
[       OK ] PageLayout.ContinueFromMiddle (0 ms)
[ RUN      ] PageLayout.PageChaining
[       OK ] PageLayout.PageChaining (1 ms)
[ RUN      ] PageLayout.MultiLineParagraphSplitAcrossPages
[       OK ] PageLayout.MultiLineParagraphSplitAcrossPages (0 ms)
[ RUN      ] PageLayout.ImageParagraph
[       OK ] PageLayout.ImageParagraph (0 ms)
[ RUN      ] PageLayout.ImageScaledToFitWidth
[       OK ] PageLayout.ImageScaledToFitWidth (0 ms)
[ RUN      ] PageLayout.ImageDoesntFitPushedToNextPage
[       OK ] PageLayout.ImageDoesntFitPushedToNextPage (0 ms)
[ RUN      ] PageLayout.HrParagraph
[       OK ] PageLayout.HrParagraph (0 ms)
[ RUN      ] PageLayout.MixedContent
[       OK ] PageLayout.MixedContent (0 ms)
[ RUN      ] PageLayout.PaddingReducesContentArea
[       OK ] PageLayout.PaddingReducesContentArea (0 ms)
[ RUN      ] PageLayout.EmptyChapter
[       OK ] PageLayout.EmptyChapter (0 ms)
[ RUN      ] PageLayout.LongTextPaginatesCorrectly
[       OK ] PageLayout.LongTextPaginatesCorrectly (2 ms)
[ RUN      ] PageLayout.YOffsetsIncreaseMonotonically
[       OK ] PageLayout.YOffsetsIncreaseMonotonically (0 ms)
[ RUN      ] PageLayout.XPositionsIncreaseWithinLine
[       OK ] PageLayout.XPositionsIncreaseWithinLine (0 ms)
[ RUN      ] PageLayout.ImageZeroDimensionsSkipped
[       OK ] PageLayout.ImageZeroDimensionsSkipped (0 ms)
[ RUN      ] PageLayout.ImageZeroWidthSkipped
[       OK ] PageLayout.ImageZeroWidthSkipped (0 ms)
[ RUN      ] PageLayout.ImageZeroHeightSkipped
[       OK ] PageLayout.ImageZeroHeightSkipped (0 ms)
[ RUN      ] PageLayout.ImageScaledToFitPageHeight
[       OK ] PageLayout.ImageScaledToFitPageHeight (0 ms)
[ RUN      ] PageLayout.ImageScaledBothDimensions
[       OK ] PageLayout.ImageScaledBothDimensions (0 ms)
[ RUN      ] PageLayout.ImageFillsEntirePage
[       OK ] PageLayout.ImageFillsEntirePage (0 ms)
[ RUN      ] PageLayout.ZeroImageBetweenTextContinues
[       OK ] PageLayout.ZeroImageBetweenTextContinues (0 ms)
[ RUN      ] PageLayout.ImageWithPaddingUsesFullWidth
[       OK ] PageLayout.ImageWithPaddingUsesFullWidth (0 ms)
[ RUN      ] PageLayout.MultipleImagesStack
[       OK ] PageLayout.MultipleImagesStack (0 ms)
[ RUN      ] PageLayout.ImageNeverExceedsPageBounds
[       OK ] PageLayout.ImageNeverExceedsPageBounds (0 ms)
[ RUN      ] PageLayout.ImageOnlyPageVerticallyCentered
[       OK ] PageLayout.ImageOnlyPageVerticallyCentered (0 ms)
[ RUN      ] PageLayout.ImageOnlyWithPaddingCenteredInContentArea
[       OK ] PageLayout.ImageOnlyWithPaddingCenteredInContentArea (0 ms)
[ RUN      ] PageLayout.SparseTextVerticallyCentered
[       OK ] PageLayout.SparseTextVerticallyCentered (0 ms)
[ RUN      ] PageLayout.FullPageTextNotVerticallyCentered
[       OK ] PageLayout.FullPageTextNotVerticallyCentered (0 ms)
[ RUN      ] PageLayout.MixedTextAndImageNoVerticalCenter
[       OK ] PageLayout.MixedTextAndImageNoVerticalCenter (0 ms)
[ RUN      ] PageLayout.NoCenteringOnMultiPageChapter
[       OK ] PageLayout.NoCenteringOnMultiPageChapter (1 ms)
[ RUN      ] PageLayout.ImageDoesNotOverlapText
[       OK ] PageLayout.ImageDoesNotOverlapText (0 ms)
[ RUN      ] PageLayout.InlineImageBottomAlignsWithBaseline
[       OK ] PageLayout.InlineImageBottomAlignsWithBaseline (0 ms)
[ RUN      ] PageLayout.InlineImageFirstLineIndented
[       OK ] PageLayout.InlineImageFirstLineIndented (0 ms)
[ RUN      ] PageLayout.SmallInlineImageSameAsBaseline
[       OK ] PageLayout.SmallInlineImageSameAsBaseline (0 ms)
[ RUN      ] PageLayout.TallInlineImageExtendsAboveFirstLine
[       OK ] PageLayout.TallInlineImageExtendsAboveFirstLine (0 ms)
[ RUN      ] PageLayout.InlineImageAtLeftEdge
[       OK ] PageLayout.InlineImageAtLeftEdge (0 ms)
[ RUN      ] PageLayout.InlineImageNoOverlapWithText
[       OK ] PageLayout.InlineImageNoOverlapWithText (0 ms)
[----------] 39 tests from PageLayout (9 ms total)

[----------] 12 tests from PageLayoutBackward
[ RUN      ] PageLayoutBackward.EmptyChapter
[       OK ] PageLayoutBackward.EmptyChapter (0 ms)
[ RUN      ] PageLayoutBackward.SingleParagraphFromEnd
[       OK ] PageLayoutBackward.SingleParagraphFromEnd (0 ms)
[ RUN      ] PageLayoutBackward.MultiParagraphAllFit
[       OK ] PageLayoutBackward.MultiParagraphAllFit (0 ms)
[ RUN      ] PageLayoutBackward.PageFullCutsFromTop
[       OK ] PageLayoutBackward.PageFullCutsFromTop (0 ms)
[ RUN      ] PageLayoutBackward.MultiLineParagraphSplit
[       OK ] PageLayoutBackward.MultiLineParagraphSplit (0 ms)
[ RUN      ] PageLayoutBackward.PartialEndPosition
[       OK ] PageLayoutBackward.PartialEndPosition (0 ms)
[ RUN      ] PageLayoutBackward.ImageParagraph
[       OK ] PageLayoutBackward.ImageParagraph (0 ms)
[ RUN      ] PageLayoutBackward.HrParagraph
[       OK ] PageLayoutBackward.HrParagraph (0 ms)
[ RUN      ] PageLayoutBackward.PageBreakStopsBackward
[       OK ] PageLayoutBackward.PageBreakStopsBackward (0 ms)
[ RUN      ] PageLayoutBackward.ForwardBackwardRoundTrip
[       OK ] PageLayoutBackward.ForwardBackwardRoundTrip (0 ms)
[ RUN      ] PageLayoutBackward.ChapterEndFlagSet
[       OK ] PageLayoutBackward.ChapterEndFlagSet (0 ms)
[ RUN      ] PageLayoutBackward.ParagraphSpacingMatches
[       OK ] PageLayoutBackward.ParagraphSpacingMatches (0 ms)
[----------] 12 tests from PageLayoutBackward (0 ms total)

[----------] 14 tests from MrbFormatTest
[ RUN      ] MrbFormatTest.RoundTrip_TextParagraph
[       OK ] MrbFormatTest.RoundTrip_TextParagraph (5 ms)
[ RUN      ] MrbFormatTest.RoundTrip_ImageParagraph
[       OK ] MrbFormatTest.RoundTrip_ImageParagraph (1 ms)
[ RUN      ] MrbFormatTest.RoundTrip_HrAndPageBreak
[       OK ] MrbFormatTest.RoundTrip_HrAndPageBreak (1 ms)
[ RUN      ] MrbFormatTest.RoundTrip_MultipleChapters
[       OK ] MrbFormatTest.RoundTrip_MultipleChapters (1 ms)
[ RUN      ] MrbFormatTest.RoundTrip_AllRunStyles
[       OK ] MrbFormatTest.RoundTrip_AllRunStyles (1 ms)
[ RUN      ] MrbFormatTest.RoundTrip_InlineImage
[       OK ] MrbFormatTest.RoundTrip_InlineImage (1 ms)
[ RUN      ] MrbFormatTest.RoundTrip_Metadata
[       OK ] MrbFormatTest.RoundTrip_Metadata (1 ms)
[ RUN      ] MrbFormatTest.RoundTrip_EmptyChapter
[       OK ] MrbFormatTest.RoundTrip_EmptyChapter (1 ms)
[ RUN      ] MrbFormatTest.RoundTrip_UnicodeText
[       OK ] MrbFormatTest.RoundTrip_UnicodeText (6 ms)
[ RUN      ] MrbFormatTest.RoundTrip_ImageRefTable
[       OK ] MrbFormatTest.RoundTrip_ImageRefTable (1 ms)
[ RUN      ] MrbFormatTest.ConvertBasicEpub
[       OK ] MrbFormatTest.ConvertBasicEpub (5 ms)
[ RUN      ] MrbFormatTest.ConvertMultiChapterEpub
[       OK ] MrbFormatTest.ConvertMultiChapterEpub (1 ms)
[ RUN      ] MrbFormatTest.ReopenBookReleasesResources
[       OK ] MrbFormatTest.ReopenBookReleasesResources (2 ms)
[ RUN      ] MrbFormatTest.BookReopenSameInstance
[       OK ] MrbFormatTest.BookReopenSameInstance (0 ms)
[----------] 14 tests from MrbFormatTest (33 ms total)

[----------] 9 tests from MrbLayoutComparisonTest
[ RUN      ] MrbLayoutComparisonTest.Basic
[       OK ] MrbLayoutComparisonTest.Basic (1 ms)
[ RUN      ] MrbLayoutComparisonTest.MultiChapter
[       OK ] MrbLayoutComparisonTest.MultiChapter (2 ms)
[ RUN      ] MrbLayoutComparisonTest.LargeChapter
[       OK ] MrbLayoutComparisonTest.LargeChapter (39 ms)
[ RUN      ] MrbLayoutComparisonTest.WithCss
[       OK ] MrbLayoutComparisonTest.WithCss (5 ms)
[ RUN      ] MrbLayoutComparisonTest.WithImages
[       OK ] MrbLayoutComparisonTest.WithImages (1 ms)
[ RUN      ] MrbLayoutComparisonTest.SpecialChars
[       OK ] MrbLayoutComparisonTest.SpecialChars (1 ms)
[ RUN      ] MrbLayoutComparisonTest.NestedDirs
[       OK ] MrbLayoutComparisonTest.NestedDirs (1 ms)
[ RUN      ] MrbLayoutComparisonTest.RegressionTest
[       OK ] MrbLayoutComparisonTest.RegressionTest (41 ms)
[ RUN      ] MrbLayoutComparisonTest.Stored
[       OK ] MrbLayoutComparisonTest.Stored (1 ms)
[----------] 9 tests from MrbLayoutComparisonTest (97 ms total)

[----------] 8 tests from AllEpubs/ZipReaderAllEpubsTest
[ RUN      ] AllEpubs/ZipReaderAllEpubsTest.ExtractAllEntries/0
[       OK ] AllEpubs/ZipReaderAllEpubsTest.ExtractAllEntries/0 (0 ms)
[ RUN      ] AllEpubs/ZipReaderAllEpubsTest.ExtractAllEntries/1
[       OK ] AllEpubs/ZipReaderAllEpubsTest.ExtractAllEntries/1 (0 ms)
[ RUN      ] AllEpubs/ZipReaderAllEpubsTest.ExtractAllEntries/2
[       OK ] AllEpubs/ZipReaderAllEpubsTest.ExtractAllEntries/2 (0 ms)
[ RUN      ] AllEpubs/ZipReaderAllEpubsTest.ExtractAllEntries/3
[       OK ] AllEpubs/ZipReaderAllEpubsTest.ExtractAllEntries/3 (0 ms)
[ RUN      ] AllEpubs/ZipReaderAllEpubsTest.ExtractAllEntries/4
[       OK ] AllEpubs/ZipReaderAllEpubsTest.ExtractAllEntries/4 (0 ms)
[ RUN      ] AllEpubs/ZipReaderAllEpubsTest.ExtractAllEntries/5
[       OK ] AllEpubs/ZipReaderAllEpubsTest.ExtractAllEntries/5 (0 ms)
[ RUN      ] AllEpubs/ZipReaderAllEpubsTest.ExtractAllEntries/6
[       OK ] AllEpubs/ZipReaderAllEpubsTest.ExtractAllEntries/6 (0 ms)
[ RUN      ] AllEpubs/ZipReaderAllEpubsTest.ExtractAllEntries/7
[       OK ] AllEpubs/ZipReaderAllEpubsTest.ExtractAllEntries/7 (0 ms)
[----------] 8 tests from AllEpubs/ZipReaderAllEpubsTest (0 ms total)

[----------] 8 tests from AllEpubs/EpubAllFixturesTest
[ RUN      ] AllEpubs/EpubAllFixturesTest.OpenAndParseAllChapters/0
[       OK ] AllEpubs/EpubAllFixturesTest.OpenAndParseAllChapters/0 (0 ms)
[ RUN      ] AllEpubs/EpubAllFixturesTest.OpenAndParseAllChapters/1
[       OK ] AllEpubs/EpubAllFixturesTest.OpenAndParseAllChapters/1 (0 ms)
[ RUN      ] AllEpubs/EpubAllFixturesTest.OpenAndParseAllChapters/2
[       OK ] AllEpubs/EpubAllFixturesTest.OpenAndParseAllChapters/2 (0 ms)
[ RUN      ] AllEpubs/EpubAllFixturesTest.OpenAndParseAllChapters/3
[       OK ] AllEpubs/EpubAllFixturesTest.OpenAndParseAllChapters/3 (0 ms)
[ RUN      ] AllEpubs/EpubAllFixturesTest.OpenAndParseAllChapters/4
[       OK ] AllEpubs/EpubAllFixturesTest.OpenAndParseAllChapters/4 (0 ms)
[ RUN      ] AllEpubs/EpubAllFixturesTest.OpenAndParseAllChapters/5
[       OK ] AllEpubs/EpubAllFixturesTest.OpenAndParseAllChapters/5 (0 ms)
[ RUN      ] AllEpubs/EpubAllFixturesTest.OpenAndParseAllChapters/6
[       OK ] AllEpubs/EpubAllFixturesTest.OpenAndParseAllChapters/6 (0 ms)
[ RUN      ] AllEpubs/EpubAllFixturesTest.OpenAndParseAllChapters/7
[       OK ] AllEpubs/EpubAllFixturesTest.OpenAndParseAllChapters/7 (4 ms)
[----------] 8 tests from AllEpubs/EpubAllFixturesTest (6 ms total)

[----------] 1 test from SmokeBooks/BulkMrbComparisonTest
[ RUN      ] SmokeBooks/BulkMrbComparisonTest.LayoutMatchesEpub/dracula
  [dracula.epub] 33 chapters, 950 pages ÔÇö MATCH
[       OK ] SmokeBooks/BulkMrbComparisonTest.LayoutMatchesEpub/dracula (1635 ms)
[----------] 1 test from SmokeBooks/BulkMrbComparisonTest (1635 ms total)

[----------] 1 test from SmokeBooks/StreamingMrbComparisonTest
[ RUN      ] SmokeBooks/StreamingMrbComparisonTest.StreamingMatchesNormal/dracula
  [dracula.epub] 33 chapters, 950 pages ÔÇö STREAMING MATCH
[       OK ] SmokeBooks/StreamingMrbComparisonTest.StreamingMatchesNormal/dracula (1572 ms)
[----------] 1 test from SmokeBooks/StreamingMrbComparisonTest (1572 ms total)

[----------] 1 test from SmokeBooks/ConversionBenchmark
[ RUN      ] SmokeBooks/ConversionBenchmark.StreamingConversion/dracula
  dracula.epub                                   open=   2.7ms  convert=  129.0ms  total=  131.7ms  epub=  0.6MB  mrb=  0.9MB  chapters=33
[       OK ] SmokeBooks/ConversionBenchmark.StreamingConversion/dracula (132 ms)
[----------] 1 test from SmokeBooks/ConversionBenchmark (132 ms total)

[----------] 1 test from SmokeBooks/ZipStreamingTest
[ RUN      ] SmokeBooks/ZipStreamingTest.AllXhtmlEntriesMatch/dracula
  [dracula.epub] 34 XHTML entries ÔÇö ZIP STREAMING OK
[       OK ] SmokeBooks/ZipStreamingTest.AllXhtmlEntriesMatch/dracula (22 ms)
[----------] 1 test from SmokeBooks/ZipStreamingTest (23 ms total)

[----------] 1 test from SmokeBooks/ChapterStreamingTest
[ RUN      ] SmokeBooks/ChapterStreamingTest.ParagraphsMatch/dracula
  [dracula.epub] 33 chapters, 2096 paragraphs ÔÇö CHAPTER STREAMING OK
[       OK ] SmokeBooks/ChapterStreamingTest.ParagraphsMatch/dracula (175 ms)
[----------] 1 test from SmokeBooks/ChapterStreamingTest (175 ms total)

[----------] 1 test from SmokeNav/FullBookNavTest
[ RUN      ] SmokeNav/FullBookNavTest.NavigateAllPages/dracula
  dracula.epub: 33 chapters, 975 pages (max 43/chapter)
[       OK ] SmokeNav/FullBookNavTest.NavigateAllPages/dracula (575 ms)
[----------] 1 test from SmokeNav/FullBookNavTest (575 ms total)

[----------] 1 test from SmokeBackNav/BackwardNavTest
[ RUN      ] SmokeBackNav/BackwardNavTest.NavigateBackwardAllPages/dracula
  dracula.epub: 33 chapters, fwd=975 bwd=975 pages
[       OK ] SmokeBackNav/BackwardNavTest.NavigateBackwardAllPages/dracula (1092 ms)
[----------] 1 test from SmokeBackNav/BackwardNavTest (1092 ms total)

[----------] Global test environment tear-down
[==========] 382 tests from 32 test suites ran. (5406 ms total)
[  PASSED  ] 382 tests.
